addresses:
  - id: 1
    zip_code: "1000000"
    prefecture: "東京都"
    city: "新宿区"
    street_address: "中落合"

  - id: 2
    zip_code: "1000000"
    prefecture: "東京都"
    city: "豊島区"
    street_address: "長崎"
